  ArkApp.cpp
  ArkEngine.cpp
  ArkWindow.cpp
C:\Program Files (x86)\Windows Kits\10\Include\10.0.26100.0\shared\minwindef.h(130,9): warning C4005: 'APIENTRY': macro redefinition
  (compiling source file 'ArkEngine/src/ArkWindow.cpp')
      C:\ArkEngine\Ark-Engine\ArkEngine\ArkEngine\Vendor\glad\include\glad\glad.h(650,9):
      see previous definition of 'APIENTRY'
  
  AssetManager.cpp
  Camera.cpp
  Initializer.cpp
  Logger.cpp
  main.cpp
  Cube.cpp
  Material.cpp
  Texture.cpp
  Shader.cpp
  imgui_impl_glfw.cpp
  imgui_impl_opengl3.cpp
  imgui.cpp
  imgui_demo.cpp
  imgui_draw.cpp
  imgui_tables.cpp
  imgui_widgets.cpp
  stb_image.cpp
  Generating code
  3921 of 3922 functions (100.0%) were compiled, the rest were copied from previous compilation.
    3914 functions were new in current compilation
    0 functions had inline decision re-evaluated but remain unchanged
  Finished generating code
  ArkEngine.vcxproj -> C:\ArkEngine\Ark-Engine\ArkEngine\x64\Release\ArkEngine.exe
